Flutter crash report.
Please report a bug at https://github.com/flutter/flutter/issues.

## command

flutter test --reporter=failures-only

## exception

PathAccessException: PathAccessException: Cannot open file, path = 'C:\Users\Saurabh\flutter\bin\cache\engine.realm' (OS Error: The process cannot access the file because it is being used by another process, errno = 32)

```
#0      _File.throwIfError (dart:io/file_impl.dart:779:7)
#1      _File.openSync (dart:io/file_impl.dart:572:5)
#2      _File.readAsBytesSync (dart:io/file_impl.dart:660:18)
#3      _File.readAsStringSync (dart:io/file_impl.dart:715:18)
#4      ForwardingFile.readAsStringSync (package:file/src/forwarding/forwarding_file.dart:99:16)
#5      ErrorHandlingFile.readAsStringSync.<anonymous closure> (package:flutter_tools/src/base/error_handling_io.dart:212:22)
#6      _runSync (package:flutter_tools/src/base/error_handling_io.dart:552:14)
#7      ErrorHandlingFile.readAsStringSync (package:flutter_tools/src/base/error_handling_io.dart:211:12)
#8      Cache.getRealmFor (package:flutter_tools/src/cache.dart:692:47)
#9      Cache.storageRealm (package:flutter_tools/src/cache.dart:508:23)
#10     Cache.storageBaseUrl (package:flutter_tools/src/cache.dart:531:14)
#11     Cache._createUpdater (package:flutter_tools/src/cache.dart:230:33)
#12     Cache._artifactUpdater (package:flutter_tools/src/cache.dart:213:49)
#13     Cache._artifactUpdater (package:flutter_tools/src/cache.dart)
#14     Cache.updateAll (package:flutter_tools/src/cache.dart:761:31)
<asynchronous suspension>
#15     FlutterCommand.verifyThenRunCommand (package:flutter_tools/src/runner/flutter_command.dart:1905:7)
<asynchronous suspension>
#16     FlutterCommand.run.<anonymous closure> (package:flutter_tools/src/runner/flutter_command.dart:1590:27)
<asynchronous suspension>
#17     AppContext.run.<anonymous closure> (package:flutter_tools/src/base/context.dart:154:19)
<asynchronous suspension>
#18     CommandRunner.runCommand (package:args/command_runner.dart:212:13)
<asynchronous suspension>
#19     FlutterCommandRunner.runCommand.<anonymous closure> (package:flutter_tools/src/runner/flutter_command_runner.dart:496:9)
<asynchronous suspension>
#20     AppContext.run.<anonymous closure> (package:flutter_tools/src/base/context.dart:154:19)
<asynchronous suspension>
#21     FlutterCommandRunner.runCommand (package:flutter_tools/src/runner/flutter_command_runner.dart:431:5)
<asynchronous suspension>
#22     FlutterCommandRunner.run.<anonymous closure> (package:flutter_tools/src/runner/flutter_command_runner.dart:307:33)
<asynchronous suspension>
#23     run.<anonymous closure>.<anonymous closure> (package:flutter_tools/runner.dart:104:11)
<asynchronous suspension>
#24     AppContext.run.<anonymous closure> (package:flutter_tools/src/base/context.dart:154:19)
<asynchronous suspension>
#25     main (package:flutter_tools/executable.dart:103:3)
<asynchronous suspension>
```

## flutter doctor

```
[✓] Flutter (Channel stable, 3.41.7, on Microsoft Windows [Version 10.0.26200.8246], locale en-IN) [205ms]
    • Flutter version 3.41.7 on channel stable at C:\Users\Saurabh\flutter
    • Upstream repository https://github.com/flutter/flutter.git
    • Framework revision cc0734ac71 (2 weeks ago), 2026-04-15 21:21:08 -0700
    • Engine revision 59aa584fdf
    • Dart version 3.11.5
    • DevTools version 2.54.2
    • Feature flags: enable-web, enable-linux-desktop, enable-macos-desktop, enable-windows-desktop, enable-android, enable-ios, cli-animations, enable-native-assets, omit-legacy-version-file, enable-lldb-debugging, enable-uiscene-migration

[✓] Windows Version (11 Home Single Language 64-bit, 25H2, 2009) [984ms]

[✓] Android toolchain - develop for Android devices (Android SDK version 35.0.0) [2.3s]
    • Android SDK at C:\Users\Saurabh\AppData\Local\Android\sdk
    • Emulator version 36.5.11.0 (build_id 15261927) (CL:N/A)
    • Platform android-36, build-tools 35.0.0
    • Java binary at: C:\Program Files\Android\Android Studio\jbr\bin\java
      This is the JDK bundled with the latest Android Studio installation on this machine.
      To manually set the JDK path, use: `flutter config --jdk-dir="path/to/jdk"`.
    • Java version OpenJDK Runtime Environment (build 21.0.10+-14961533-b1163.108)
    • All Android licenses accepted.

[✓] Chrome - develop for the web [15ms]
    • Chrome at C:\Program Files\Google\Chrome\Application\chrome.exe

[✗] Visual Studio - develop Windows apps [13ms]
    ✗ Visual Studio not installed; this is necessary to develop Windows apps.
      Download at https://visualstudio.microsoft.com/downloads/.
      Please install the "Desktop development with C++" workload, including all of its default components

[✓] Connected device (2 available) [204ms]
    • Windows (desktop) • windows • windows-x64    • Microsoft Windows [Version 10.0.26200.8246]
    • Chrome (web)      • chrome  • web-javascript • Google Chrome 147.0.7727.138

[✓] Network resources [1,257ms]
    • All expected network resources are available.

! Doctor found issues in 1 category.
```
